// Vitest Snapshot v1, https://vitest.dev/guide/snapshot.html

exports[`parse pdf data to string 1`] = `
"國立空中大學 112 學年度下學期期中考試題【 正參】095
科目：Linux 作業系統管理 一律橫式作答 頁
一、選擇題（每題 5 分，共 50 分）
1. 下列敘述何者有誤？(A) Ubuntu 作業系統無提供圖形化使用者介面(GUI)的操
作方式(B)Linux 作業系統可以安裝在個人電腦或大型電腦上 (C)Ubuntu 官方
網站提供下載的檔案格式是「ISO」檔 (D) Ubuntu Desktop 是可以安裝在個人
電腦上的 Ubuntu 版本。(A，2-1)
2. 在 Linux 作業系統裡要以文字介面來進行簡單作業，如複製檔案或管理目錄，
可以使用下列哪一個程式? (A) Firefox (B)Impress (C)終端機 (D)設定值。(C，
1-6-3)
3. 下列何者是在 VirtualBox 虛擬機器軟體上安裝 Ubuntu 的好處? (A) 不必再另
外準備一台電腦 (B)可在一台電腦上安裝多個版本作業系統 (C)失敗多次都
可以快速重來 (D)以上皆是。(D，1-4)
4. 下列何者是作業系統功能裡記憶體的管理範圍? (A)滑鼠 (B)執行中的程式與
資料 (C)中央處理器 (D) 檔案格式。(B，1-2-1)
5. 以下關於自由軟體(Freeware)的敘述，何者錯誤? (A)一般公用授權是免費的
(B)允許使用者修改和重新分發軟體的權利 (C)使用上無任何限制與規範 (D)
其中一種授權狀況是不容許程式以商業化的方式使用或散佈。(C，1-1-1)
6. 要 Ubuntu 系統裡要調整桌面風格或佈景主題時，可在”設定值”裡選擇哪一個
選項進行? (A)鍵盤 (B)電源 (C)外觀 (D)隱私。(C，2-1-3)
7. 下列哪一個是使用者登入 Ubuntu 系統後，內定(預設)的工作目錄？(A)根目
前 (B)家目錄 (C)文件 (D)以上皆非。 (B，3-2)
8. 在 Ubuntu 系統裡，下列哪一個功能或指令不是用來管理或安裝套件的? (A)
Ubuntu 軟體中心 (B)apt (C) synaptic (D) cd。(D，2-3)
9. 下列何者不是與檔案與目錄管理相關的指令? (A)ps (B)cd (C)cp (D)ls。(A，3-
3-2)
10.下列哪 Ubuntu 目錄是用來存放 Linux 核心及開機程式? (A) /bin (B) /root (C)
/boot (D) /etc。(C，1-5)
二、簡答題（每題 10 分，共 50 分）
1. 請寫出作業系統的四大功能。(1-2-1)
處理器的管理、記憶體的管理、檔案的管理、裝置的管理
2. 安裝 Ubuntu 作業系統有一種方式稱作「Live CD」，請問何謂「Live CD」? (1-4)
3. 請簡述 Linux 作業系統的優點與用途。(1-1-4)
穩定性、輕巧靈活、免費、多人多工的使用環境、硬體規格需求不高、多樣化圖
形介面的加入
4. 請列出圖形化使用者介面的五項組成要素。(3-1-1)
桌面、視窗、選單、圖示、按鈕
5. 請列出至少四個與目錄或檔案相關的 Linux 指令，並簡單說明其指令功能。(3-3)
pwd、cd、mkdir、rmdir、ls、cp、rm、mv"
`;

exports[`serialize pdf string to paragraphs - 101-1-linux-1ch-2ra-3tx 1`] = `
"國立空中大學 101 學年度上學期期中考試題【正參】83
科目：Linux 作業系統管理 一律橫式作答 2-1 頁
一、是非題(20%，每題4分)
(X) 1. Linux作業系統是屬於開放原始碼且為免費的自由軟體，其軟體無任何授權限制。(P.3)
(O) 2. Linux作業系統具有多人多工的優點。(P.9)
(X) 3. Ubuntu 作業系統的正體中文官網提供了最新版本作業系統軟體下載，其網址為http://www.ubuntu-tw.com (P.13)
(X) 4. Linux作業系統的目錄結構為樹狀結構，其根目錄為 /root。(P.20)
(O) 5. Ubuntu中執行apt-get指令時，必須啟動管理者權限。(P.89)
二、選擇題(20%，每題4分)
(B) 1.下列何者為Linux作業系統正確的USB隨身碟的裝置代號[範圍]? (A)/dev/hd[a-z] (B)/dev/sd[a-z] (C) /dev/fd[a-z] (D) /dev/ud[a-z] (P.18)
(D) 2.在Ubuntu中，其輸入法的設定工具名稱為 (A) IPod (B) IPus (C) IPad (D) IBus(P.56 圖2-11)
(D) 3.開啟Ubuntu中的終端機時，若出現的前導字為「ubuntu@HP-600:~$」，下列敘述何者為「非」? (A) ~代表的是「家目錄」 (B) HP-600為主機名稱 (C) $為一般使用者提示字元 (D) ubuntu為root帳號 (P.114)
(D) 4.下列何者指令與顯示檔案內容無關? (A) cat (B) more (C) tac (D) top (P.131)
(C) 5.若某一執行程序之nice值為0，若要將其執行優先順序調高，則應將nice值調為? (A)10 (B) 15 (C) -15 (D) -25 (P.167)
科目：Linux 作業系統管理【正參】 一律橫式作答 2-2 頁
三、簡答題(30%，每題10分)
1. 請列出三種Linux發佈的版本。
答：參見課本 P.6-7
2. 請列出Ubuntu中的任三種型態的網路連線設定。(P.64 圖2-23)
答：參見課本 P.64 圖2-23
( 有線網路、無線網路、行動寬頻、VPN、DSL )
3. 在文件搜尋的指令中有 find、whereis 與 locate，請簡述在搜尋速度上有何差異?。
答：參見課本 P.139
find: 速度慢，硬碟存取頻繁，比較耗資源
whereis 與 locate: 利用資訊庫搜尋，速度快
四、問答題(30%，每題10分)
1. 安裝Ubuntu作業系統可以選擇一種稱作「Live CD」的方式，何謂「Live CD」?
答：參見課本 P.14-15
2. 何謂命令殼層(shell)?
答：參見課本 P.115
3. 請說明在終端機內指令: $ cp file1 ./subdir1/file2 ./subdir2 之意義為何 ?
答：參見課本 P.128"
`;

exports[`serialize pdf string to paragraphs - 104-2-linux-1ra-2tx 1`] = `
"國立空中大學 112 學年度下學期期中考試題【 正參】095
科目：Linux 作業系統管理 一律橫式作答 頁
一、選擇題（每題 5 分，共 50 分）
1. 下列敘述何者有誤？(A) Ubuntu 作業系統無提供圖形化使用者介面(GUI)的操作方式(B)Linux 作業系統可以安裝在個人電腦或大型電腦上 (C)Ubuntu 官方網站提供下載的檔案格式是「ISO」檔 (D) Ubuntu Desktop 是可以安裝在個人電腦上的 Ubuntu 版本。(A，2-1)
2. 在 Linux 作業系統裡要以文字介面來進行簡單作業，如複製檔案或管理目錄，可以使用下列哪一個程式? (A) Firefox (B)Impress (C)終端機 (D)設定值。(C，1-6-3)
3. 下列何者是在 VirtualBox 虛擬機器軟體上安裝 Ubuntu 的好處? (A) 不必再另外準備一台電腦 (B)可在一台電腦上安裝多個版本作業系統 (C)失敗多次都可以快速重來 (D)以上皆是。(D，1-4)
4. 下列何者是作業系統功能裡記憶體的管理範圍? (A)滑鼠 (B)執行中的程式與資料 (C)中央處理器 (D) 檔案格式。(B，1-2-1)
5. 以下關於自由軟體(Freeware)的敘述，何者錯誤? (A)一般公用授權是免費的(B)允許使用者修改和重新分發軟體的權利 (C)使用上無任何限制與規範 (D)其中一種授權狀況是不容許程式以商業化的方式使用或散佈。(C，1-1-1)
6. 要 Ubuntu 系統裡要調整桌面風格或佈景主題時，可在”設定值”裡選擇哪一個選項進行? (A)鍵盤 (B)電源 (C)外觀 (D)隱私。(C，2-1-3)
7. 下列哪一個是使用者登入 Ubuntu 系統後，內定(預設)的工作目錄？(A)根目前 (B)家目錄 (C)文件 (D)以上皆非。 (B，3-2)
8. 在 Ubuntu 系統裡，下列哪一個功能或指令不是用來管理或安裝套件的? (A)Ubuntu 軟體中心 (B)apt (C) synaptic (D) cd。(D，2-3)
9. 下列何者不是與檔案與目錄管理相關的指令? (A)ps (B)cd (C)cp (D)ls。(A，3-3-2)
10.下列哪 Ubuntu 目錄是用來存放 Linux 核心及開機程式? (A) /bin (B) /root (C)/boot (D) /etc。(C，1-5)
二、簡答題（每題 10 分，共 50 分）
1. 請寫出作業系統的四大功能。(1-2-1)
處理器的管理、記憶體的管理、檔案的管理、裝置的管理
2. 安裝 Ubuntu 作業系統有一種方式稱作「Live CD」，請問何謂「Live CD」? (1-4)
3. 請簡述 Linux 作業系統的優點與用途。(1-1-4)
穩定性、輕巧靈活、免費、多人多工的使用環境、硬體規格需求不高、多樣化圖形介面的加入
4. 請列出圖形化使用者介面的五項組成要素。(3-1-1)
桌面、視窗、選單、圖示、按鈕
5. 請列出至少四個與目錄或檔案相關的 Linux 指令，並簡單說明其指令功能。(3-3)
pwd、cd、mkdir、rmdir、ls、cp、rm、mv"
`;

exports[`serialize pdf string to paragraphs - 106-3-physics-1ra-2tx 1`] = `
"國立空中大學 106 學年度暑期期末考試題【正參】03
科目：生活中無所不在的物理 一律橫式作答 共 2 頁
一、 選擇題：(共 30 題，每題 3 分，共計 90 分)
1.影片中實驗得知每人吐一口口水量平均約為幾 CC?(A) 1CC (B) 0.7CC (C) 0.5CC (D) 0.2CC
2.科學單位的【標準】應該要有什麼限制？只能選擇一個：(A) 到處可見 (B) 不易改變 (C) 隨手可用 (D) 容易聽懂
3.請問，估計自己身體比重的數量級應為下列何者：>>請選出正確答案只能選擇一個<<(A) 10^0 (B) 10^1 (C) 10^-1 (D) 10^2
4.請問液體溫度計，例如常見的酒精溫度計，是利用液體隨溫度而改變的哪個特性作用的？(A)體積 (B)密度 (C)顏色 (D)壓力
5.A、B 物體材質相同，A 物體含有比 B 物體更多的熱量，則以下哪一個敘述正確？(113/08/06 修正)(A)A 物體溫度一定比 B 物體高 (B)B 物體溫度一定比 A 物體低 (C)若兩物體質量相同，則 A 物體比熱比 B 物體高 (D)若兩物體質量相同，則 A 物體溫度比 B 物體高
6.伽利略溫度計，被吹風機加熱時，而使溫度計溫度漸漸升高到 36 度 C 時，溫度浮標會有以下何種現象？請選出正確的答案:(A)34 度 C 浮標往上升 (B)36 度 C 浮標往上升 (C)38 度 C 浮標往下降 (D)34 度 C 浮標往下降
7.微波爐發射的微波，主要被食物中的那一部分吸收？(A)水 (B)蛋白質 (C)醣類 (D)維生素
8.以下關於熱量與溫度的敘述何者正確？(A)兩者是同義字; (B)熱量會由溫度高的物體流向溫度低的物體; (C)熱量會由熱量多的物體流向熱量少的物體; (D)物體流入熱量，溫度一定升高;
9.如何能知道太陽表面的溫度？請選出正確的答案(A)要到太空中做實驗 (B)用猜的 (C)送太空船到太陽表面做測量 (D)把太陽發光顏色與地面各種溫度的火爐比較
10. 物體流失熱量可能會有何種現象發生？(A) 溫度下降 (B) 由氣態凝結成液態 (C) 壓力下降 (D) 以上皆有可能
11. 以下那一物品，適合用來偵測微波爐發射的微波？(A) 三用電表 (B) 微濕的紗布 (C) 金屬網 (D) 乾毛巾
12. 以下何者可直接放入微波爐中加熱？請選出正確的答案:(A) 鋼製容器 (B) 塑膠容器 (C) 含水食物 (D) 罐裝食物
13. 影片中哪一種顏色鐵蓋溫度最高?(A) 白色的鐵蓋 (B) 以上皆非 (C) 黑色的鐵蓋 (D) 沒上漆的鐵蓋
14. 以下哪一種是真正的發熱衣?(A) 純羽毛衣 (B) 純竹炭衣 (C) 純玻璃纖維衣 (D) 純羊毛衣
15. 用鋁箔片包香腸之後入微波爐中加熱，會有什麼現象發生？(A) 香腸更容易煮熟 (B) 鋁箔可能會燃燒 (C) 香腸會爆裂 (D) 香腸會有酥烤的效果
16. 那一個波段的電磁波，部分是游離輻射部分是非游離輻射？(A) 紅外線 (B) 可見光 (C) 紫外線
17. 超商的微波爐上，都貼有操作中請勿盯著微波爐看的警語，原因是(A) 微波是游離輻射 (B) 怕微波從門縫外洩傷害操作者 (C) 怕微波爐門意外開啟 (D) 怕微波爐產生的電磁波傷害人體
18. 九龍公道杯可否改變成留下特定水位高度的公平杯呢？(A) 可以 (B) 不可以
19. 虹吸運用的是哪兩種作用？(A) 壓力與重力 (B) 吸力與壓力 (C) 吸力與重力 (D) 吸力與張力
20. 影片中，是利用哪一個原理，讓萬富圳水位不會太高而讓灌溉渠道下游發生水災呢？(A) 虹吸作用 (B) 連通管原理 (C) 毛細作用 (D) 疏水作用
21. 虹吸式咖啡沖煮時，抹布降溫作用有哪些物理參與其中？(A) 水的蒸發吸熱 (B) 水的吸熱 (C) 抹布的水幫助熱的傳播 (D) 以上皆有作用
22. 山上的雲霧形成的原因(A) 冷空氣被太陽照射產生小水珠 (B) 山頂的泥土中的水氣被太陽加熱逸出 (C) 山頂空氣濕度大(D) 從山下來的空氣絕熱膨脹降溫
23. 以下哪一個不是塵爆必要的條件（兩個答案）(A) 夠高的可燃粉塵 (B) 燃點的溫度 (C) 開放的空間 (D) 流動的空氣
24. 冷氣機的原理是甚麼？(A) 利用冷媒的壓縮膨脹 (B) 進行絕熱膨脹的降溫 (C) 以上皆是 (D) 以上皆非
25. 燈泡 A，標示 20W，70 流明/W；燈泡 B：標示 10W，100 流明/W(A) 燈泡 A 較亮，因為功率較大; (B) 燈泡 B 較亮，因為總流明數較大; (C) 燈泡 A 較亮，因為總流明數較大; (D) 燈泡 B 較亮，因發光效率較高;
26.若手機分貝計做隔音實驗，關閉窗戶前，測得室內的分貝數 70 分貝，關閉窗戶後，測得室內的分貝數 60 分貝，則關閉窗戶後，室內聲音的強度，是關窗前的幾倍？(A) 1/2 (B) 1/10 (C) 6/7 (D) 36/49
27.哪一種熱水器，是可以達成只消耗一度電，卻能產生三度電的熱能？(A) 熱泵熱水器 (B) 陶瓷熱水器 (C) 石英管熱水器 (D) 真空斷熱儲水熱水器
28. 為何永動機無法實現？只能選擇一個：(A) 能量不能無中生有 (B) 熱能無法全轉為功 (C) 以上皆是 (D) 以上皆非
29.連續流體的流速不同時，下列敘述何者為對?(A) 流速小的截面積大 (B) 流速大的截面積不改 (C) 流速小的截面積小 (D) 流速大的截面積大
30. 樂器聲音的三要素，下列何者為非？(A) 音色 (B) 音量 (C) 音波 (D) 音頻
1.D 2.B 3.B 4.A 5.C 6.D 7.A 8.B 9.D 10.D
11.B 12.C 13.C 14.D 15.B 16.C 17.C 18.A 19.A 20.A
21.D 22.D 23.BC 24.C 25.C 26.B 27.A 29.C 29.A 30.C
二、 簡答題：(共 1 題，每題 10 分，共計 10 分)
在這次生活中無所不在的物理的課程議題討論中，請寫下至少三個你最有興趣的議題是什麼?並敘述其原因為何?略"
`;

exports[`serialize pdf string to paragraphs - 109-3-physics-1ra-2tx 1`] = `
"國立空中大學 109 學年度暑期期末考試題【正參】003
科目：生活中無所不在的物理 一律橫式作答 4 頁
一、選擇題(共 20 題，每題 4 分，共計 80 分)
1. 我們要自己計算自己的近視度數時，要測量自己眼睛的(A) 盲點 (B)焦點 (C)遠點 (D)近點
2. 以下何者是現行或是曾經是公尺的定義？(A) 週期為 2 秒的單擺擺長 (B) 公尺原器的長度 (C) 英國國王鼻子到大拇指的距離
3. 九龍公道杯的原理或定律是：(A) 阿基米得原理 (B) 虹吸原理 (C) 波以耳定律
4. 當我們解說熱的傳播時，我們用哪一個圖像模型形容熱對流？(A) 物流業的卡車運送熱能去，空車回 (B) 會飛行的小錢幣，每個錢幣都是小小熱能 (C)人鍊傳熱能，甲將熱能傳給乙，乙再傳給丙....
5. 以下哪一個波段可能含有游離輻射？(A) 紅外線 (B) 紫外線 (C) 微波 (D) 無線電波
6. 山下空氣往山上吹時，容易在山上產生山嵐(薄霧)，主要原因的是因為(A) 山上的地面富含水氣，遇到山下來的空氣，水蒸汽容易凝結。(B) 山上太陽光較弱，水蒸汽容易凝結。(C) 山下來的空氣絕熱膨脹，使空氣溫度降低。
7. 判別衣服是否是發熱衣，衣料應該具備哪一個性質？(A) 衣料是否降低熱對流散熱。(B) 衣料是否熱傳導係數低。(C) 衣料是否純天然 (D)衣料使用的布料是否能從環境吸收熱量
8.我們設計的分貝計實驗中，一般的窗戶完全密閉，可以隔音 10 分貝，這表示密閉窗戶使得傳入房間的聲波能量減少為成原來的(A) 1/20 (B) 1/10 (C) 90/100 (D) 1/100燈泡種類 電功率 流明/W 色溫甲 60W 12 2500K乙 23W 60 5800K丙 15W 100 5800K表格 7-1
9. 參看表格 7-1，想要買發光效率最高的燈泡，應該買哪一種燈泡？(A) 甲 (B) 乙 (C) 丙
10. 參看表格 7-1，在面積很大的大廳桌上達到足夠的照度，在相同的安裝高度條件下，哪一種燈泡需要最多顆？(A) 甲 (B) 乙 (C) 丙
11. 熱量的自然流動方向為(A)從溫度高的物體流向溫度低的物體 (B) 從熱量高的物體流向熱量低的物體(C)需要知道兩物體的比熱值才能判斷。
12. 根據課程內容來推論，材質相同，質量相同，初溫相同的鐵板，同時以相同條件曝曬於陽光下 20 分鐘後，哪一個鐵板溫度最高？(A) 黑色鐵板 (B) 白色鐵板 (C) 金色鐵板
13. 以下關於生活中各項事物的溫度的敘述，何者錯誤？(A) 吹風機送出的熱風，溫度可能高於 100 度C (B) 家用冷氣機出風口的溫度低於 0 度 C (C) 鍋中的水沸騰時，溫度不一定是 100 度C
14. 第一單元中，宜蘭縣有幾位鋼琴調音師，是模仿諾貝爾物理獎得主問的___市有幾位鋼琴調音師的問題所修改的，___是指那個城市？(A)米蘭 (B) 芝加哥(C) 華盛頓 (D) 開普敦
15. 沒有近視的人，要自己計算自己的老花度數時，要測量自己眼睛的(A) 盲點(B) 焦點 (C) 近點 (D) 遠點圖表 3-1
16. 參考實驗圖表 3-1，我們進行加熱實驗時，從水的初溫 20 度C，加熱 46 秒後，水溫應為？(A) 39 度C (B) 43 度 C (C) 51 度C
17. 參考實驗圖表 3-1，我們進行加熱實驗時，發現容器中的水溫與加熱時間有如上的線性關係，則以下水溫的預測何者錯誤(113/08/06修正)(A) 加熱 50 秒時，水溫 45 度 C (B) 加熱 30 秒時，水溫 35 度 C (C) 加熱 70 秒時，水溫 55 度C (D) 加熱 140 秒時，水溫 100 度C
18. 某防疫優良國家推出三倍卷振興經濟，如果我們想要推論三倍卷總印製成本，我們最不需要哪筆資料？(A) 該國總人口數 (B) 購買實體卷的人口比例(C) 每份的印成本 (D) 三倍卷領取通路分析
19. 不論是拉麵、龍鬚糖或糖蔥，體積不會因為拉長而變化。所以，以拉麵為例，麵團直徑*麵團直徑*麵團長度＝固定值。若每次完整的拉麵動作為均勻將麵團拉長為兩倍長度，然後對折，這樣算一次動作。有一團拉麵，原始直徑 6 ㎝，理論上，拉麵最少要進行幾次以上的拉麵動作才可穿過直徑為 0.12cm 的針孔？(A) 12 次 (B) 10 次 (C) 14 次
20. 當我們吹奏卡祖笛時，我們哼歌，薄膜振動，聽起來聲音與原來的哼聲不同，類似薩克斯風的聲音，是因為此過程中，卡祖笛薄膜改變了聲音的哪些特性？(A) 主頻率 (B) 主頻率以及波形 (C) 波形
1. 2. 3. 4. 5. 6. 7. 8. 9. 10.C B B A B C D B C A
11. 12. 13. 14. 15. 16. 17. 18. 19. 20.A A B B C B D D A C
二、簡答題：(共 1 題，每題 20 分，共計 20 分)
以下 3 小題自由選 2 小題回答，每小題 10%分。請在答案卷標明小題題號。各小題總字數請介於 30-50 字之間。(A) 你日常生活中，最想知道的是哪些現象背後的物理原理？最想知道的原因為何？本小題可以與單元中的內容有關，也可以無關。(B) 學習完本課程的所有單元，有些內容會與你過去的認知不同，其中那個單元內容讓你最有恍然大悟的感覺，其單元內容是什麼？原因是什麼？(C) 你會推薦其他同學來修此門課嗎？推薦或不推薦的原因是什麼？略"
`;

exports[`serialize pdf string to paragraphs - 112-1-new-media-marketing-1ra-2tx-3tx 1`] = `
"國立空中大學 112 學年度上學期期中考試題【 正參】090
科目：新媒體行銷 一律橫式作答 共 1 頁
一、選擇題 (50%) (每題 5 分，共 10 題)
(A) 1. 以現代化數位科技媒體，包括網際網路(Internet)、手機(Mobile)、平板電腦(iPad)及電話(Telephone)等主要科技工具作為廠商與消費者間的溝通媒介稱之： (ch1-p2)A.數位行銷 B.媒體行銷 C.個人行銷 D.體驗行銷
(D) 2. 傳統行銷與數位行銷的差異： (ch1-p6)A.廣宣工具不同 B.大眾與分眾 C.適合消費群不同 D.以上皆是
(B) 3. 企業對企業的網路交易過程稱之： (ch2-p30)A. B2C B. B2B C. C2C D. O2O
(C) 4. 網路流量的四種來源，下列何者有誤： (ch2-p45)A.自然搜尋流量 B.付費搜尋流量 C.間接流量 D.社群流量
(A) 5. 以圖像溝通為主的新興年輕社群是指： (ch2-p50)A. IG B. FB C. Line D. YouTube
(C) 6. 下列哪一個社群網站屬於利基型社群網站? (ch3-p58)A. FB B. IG C. Mobile01 D. LINE
(C) 7. 下列何者不是社群粉絲團的四層引導流程? (ch3-p73~74)A.接觸 B.提升黏著度 C.撰寫網站 D.互動
(D) 8. 下列何者不是臉書設計發文策略? (ch4-p112~113)A.短文的力量 B.先弄清楚正確的發文觀念 C.內容設計策略 D.長文的力量
(D) 9. 下列何者不是 IG 應用在商業原因? (ch5-p156)A.使用人數成長 B.完整呈現 C.傳遞資訊量更多 D.非主題標籤
(C) 10. 統一超商 7-11 的 IG 行銷主力是什麼? (ch5-p159)A.產品訊息 B.促銷優惠訊息 C.產品訊息及促銷優惠訊息 D.以上皆非
二、解釋名詞 (20%，每題 10 分)
1. Page View (PV) (ch1-p22)
2. Click Through Rate (CTR) (ch1-p23)
三、簡答題 (30%，每題 15 分)
1. 請問社群行銷模式 SIPS 分別代表什麼? (ch1-p5)
2. 粉絲專業經營要訣有哪 3 點 (3 個 C)? (ch4-p103)"
`;

exports[`serialize pdf string to paragraphs - 112-2-couplet-1tx 1`] = `
"國立空中大學 112 學年度下學期期中考試題【 正參】005
科目：對聯的文學趣味 一律橫式作答 1 頁
壹、簡答題(40%，每題 10 分)
一、試述構成「對偶」的四項要素。(教科書第 5 頁；媒體教材 1-1-2)
二、中國在哪個時期開始在桃木板上題詞，取代了原本書寫門神名字或掛門神圖像的作法？對聯文化在哪個時代推展到民間？(教科書第 15、17 頁；媒體教材 1-2-3)
三、南明抗清名將黃道周的諷刺聯「史筆留芳，雖未成功終可法；洪恩浩蕩，不能報國反成仇。」用了哪一個修辭手法？另外，「常將有日思無日，莫待無時思有時」又用哪個修辭手法？ (教科書第 33、35 頁；媒體教材 1-3-5)
四、清代四川總督丁寶楨十分讚許「十年宦比梅花冷，一夜春隨爆竹來」對聯，試述此聯原本旨意及其比興寓意。 (教科書第 102-103 頁)
貳、申論題(60%，每題 20 分)
一、「異文比較」是賞析對聯的一種方式。試就「善由此地心無愧，惡過吾門膽自寒」、「善來此地心無愧，惡過我門膽自寒」說明異文含義的不同，並請賞析之。(教科書第 94-96 頁；媒體教材 2-3-9)
二、試逐項檢核並說明「大塊能相假，名山不獨藏。」是否符合基本的對聯格律？另請說明這副對聯適合張貼在什麼場所？為什麼？(教科書第 106 頁；媒體教材 3-2-1)
三、試賞析江蘇無錫陸宣公祠柱聯「世上幾百年舊家，無非積德；天下第一件好事，只是讀書。」(教科書第 170-171 頁)"
`;

exports[`serialize pdf string to paragraphs - 112-2-gender-1ch-2ra-3tx 1`] = `
"國立空中大學 112 學年度下學期期中考試題【 正參】002
科目：性別、健康與多元文化 一律橫式作答 1 頁
一 是非題 共 10 題 每題 4 分 共 40 分
O 1.性別運動的目的在於消除性別歧視，讓性別認同、性別特質、外表與裝扮能有多元的流動空間。CH1 P.17
O 2.胸痛是冠狀動脈心臟病男女兩性最常見的症狀。CH5 P.131
X 3.女性主義理論重視性別角色與認知發展的成熟度。CH1 P.8
O 4.本門課的學習目的為能了解性別、健康與多元文化的關係，學習與不同性別者的合作與接納。序
O 5.媽祖繞境透過網路直播讓全世界認識台灣宗教文化，可視為是全球化改變了文化傳遞的方式。CH2 P.43
X 6.CEDAW 的全名是消除對男女一切形式歧視公約。CH3 P.55
O 7.實施性別影響評估可以處理性別不平等的議題。CH4 P.87
O 8.一般而言，女性骨折的風險較男性高。CH5 P.137
O 9.性別主流化要求公部門須將性別觀點納入政策規劃與執行及管考。CH3 P.57
X 10.本書討論性別觀點可用性別天生一詞以蔽之。CH1 P.4
二 選擇題 共 10 題 每題 4 分 共 40 分
A 或 C 1.2024 巴黎奧運主題之一為性別平等，也是首屆男女選手比例達 50%。請問此一進步最直接符合性別主流化哪一項工作？ A 性別意識培力 B 性別預算 C 性別統計 CH3 P.61
A 2.承上題 巴黎奧運也符合 CEDAW 重視的 A 機會平等 B 支持平等 C 優惠平等 CH3 P.74
B 3.台灣原住民族正名運動及相關文化復興的運動，是透過何種權利的爭取而讓原住民族得到應有的尊嚴？A 政治權 B 文化權 C 自治權 CH2 P.30
B 4.科技工程領域中性別不平等之處，進行性別分析，利用分析結果納入研發科技以利創新，藉以達到減少性別偏差，改善性別關係，促進性別平等。此稱?A 性別統計 B 性別創新 C 性別意識培力CH5 P.135
A 5.亞洲非吸菸女性的肺癌環境因子暴露研究指出？ A 烹飪油煙是重要危險因子 B 吸菸行為 C 工廠環境暴露 CH5 P.147
B 6.性別影響評估的目的，何者正確？ A 譴責不平等之處 B 瞭解不平等的原因 C 否認性別差異CH4 P.87
B 7.下列關於第三波女性主義的敘述，何者為非？A 重視性別多元 B 反對酷兒運動 C 重視論述與權力關係 CH1 P.14
C 8.從兩性關係到性別關係的敘述何者正確？ A 重視性別二分 B 重視性別規範 C 重視性別多元CH2 P.40
A 9.韓式炸雞近來風靡一時，韓國炸雞店也如雨後春筍般來台成立，但據報載辣度口味亦調整成台灣人可接受程度，請問此為？ A 全球在地化 B 經濟全球化 C 食物全球化 CH2 P.44
A10.探討新生兒性別比例差異的社會文化原因，此為？A 性別分析 B 性別統計 C 性別影響評估 CH4P.107
三 簡答題 共 2 題 每題 10 分 共 20 分
1.很多人認為醫療是中性的，事實上很多健康議題有其性別差異或是僅以單一性別為主的醫療研究，請舉一例說明性別觀點對於醫療健康議題的重要性。CH5 P.129
答:作答者需舉例說明並呈現性別觀點對於醫療健康的重要性方可得分。
2.為何多元文化主義的核心內涵之一為「消除歧視與不平等對待」?請說明你的看法。CH2 P.30
答:平等對待不同文化及族群團體成為民主國家核心的價值。多元文化的平等概念，除了消除歧視、更強調政治、社會歧視與不平等的消除，包括反對透過同化政策，進行政治社會及經濟權利的壟斷，同時給予弱勢族群較多的資源與權利保障，改善因歧視而導致的不平等。
作答者的回答只要能切合上述內容或言之成理亦可得分。"
`;

exports[`serialize pdf string to paragraphs - 112-2-linux-1ch-2ra-3tx 1`] = `
"國立空中大學 104 學年度下學期期中考試題【正參】74
科目：Linux 作業系統管理 一律橫式作答 1 頁
一、是非題 25%﹙每題 5 分﹚
1. Linux 作業系統通常要在大型主機上使用，一般的個人電腦無法安裝使用。 (X，1-1)
2. 網站提供的 Ubuntu 下載檔案格式為「ISO」， ISO 格式的檔案可以直接燒錄到光碟上。 (O，1-4-2)
3. Linux 作業系統並不支援圖形化的使用者介面(graphical user interface)，所以這一部分的功能跟微軟公司的視窗作業系統不同。 (X，2-1)
4. IE(Internet Explorer)是 Ubuntu 系統提供的網際網路瀏覽程式。 (X，2-4-1)
5. find 指令會直接存取硬碟，比較耗費系統資源。 (O，3-3.4)
二、選擇題 50%﹙每題 5 分﹚
1. Linux 中硬碟通常對應到下列哪一種儲存裝置代號？ (a) /dev/fd0 (b) /dev/sda (c)/dev/hda (c，1-5-2-1)
2. Linux 作業系統採用過下列哪一種檔案系統格式？ (a) FAT32 (b) NTFS (c) ex t4 (c，1-5-2-2)
3. Ubuntu 利用 apt-get 及 apt-cache 兩個指令的變化來進行下列哪一項操作？ (a) 儲存裝置管理(b) 套件管理 (c) 印表機的管理 (b，2-3)
4. 假如要改變螢幕的解析度，在 Ubuntu 的「系統設定」中要選擇哪一項選項進行設定？ (a) 螢幕 (b) 外觀 (c) 主選單 (d) 印表機 (a，2-1-2)
5. Ubuntu 中的哪一個指令可以用來移除套件，並且移除與該套件具有相依性之套件？ (a) apt-get autoremove (b) apt-get remove (c) apt-get --purge remove (a，2-3-4)
6. 使用者登入系統之後，內定的工作目錄稱之為？ (a) 本目錄 (b) 家目錄 (c) 主目錄 (b，3-2)
7. 下列有關 bash 的敘述何者錯誤？ (a) 支援萬用字元 (b) 具有設定指令別名的功能 (c) 不可回溯已執行的指令 (c，3-2)
8. 下列哪一個指令會顯示伺服器上佔用 CPU 的任務資訊，並且每 5 秒鐘刷新一次？ (a) uptime (b)vmstat (c) top (c，3-5)
9. 下列哪一個指令與系統中的程序無關？ (a) pstree (b) ps (c) free (c，3-5)
10. 下列哪一個指令以分頁方式顯示檔案內容，可以逐頁或逐行往後看？ (a) much (b) less (c)more (c，3-3-3)
三、簡答題 25% (每題 5 分)
1. 何謂「Live CD」？ (1-4-1)
2. Linux 作業系統與微軟 Windows 作業系統有什麼相似的地方？ (1-4-4)
3. Ubuntu 作業系統中使用不同的軟體來安裝軟體，會不會造成管理上的問題？ (2-3-7)
4. Ubuntu 作業系統中網際網路瀏覽程式需要做哪些設定才能正常使用？ (2-4-5)
5. 圖形介面組成要素包含哪五部分？ (3-1-1)"
`;

exports[`serialize pdf string to paragraphs - 112-2-new-media-marketing-1ra-2tx 1`] = `
"國立空中大學 112 學年度下學期期中考試題【 正參】105
科目：新媒體行銷 一律橫式作答 共 1 頁
一、選擇題 (50%) (每題 5 分，共 10 題)
(A) 1. 三種行銷模式的演進下列何者正確： (ch1-p4~5)A.傳統行銷模式->網路行銷模式->社群行銷模式 B.傳統行銷模式->社群行銷模式->網路行銷模式 C.網路行銷模式->社群行銷模式->傳統行銷模式 D.社群行銷模式->傳統行銷模式->網路行銷模式
(B) 2. Cost Per Click (CPC)是指： (ch1-p23)A.每次觀看成本 B.每次點擊成本 C.曝光次數 D.點擊率
(B) 3. 下列何者不是網路行銷的四大目標之一? (ch2-p33)A.蒐集名單 B.分散客群 C.建立品牌 D.刺激銷售
(D) 4. 下列何者屬於網路行銷的範疇? (ch2-p34)A. KOL 網紅行銷 B.內容行銷 C.搜尋引擎優化行銷 D.以上皆是
(C) 5. 下列何者是目前最主流的網路流量分析工具? (ch2-p45)A. SEO B. IG C. GA D. Youtube
(A) 6. 下列哪一個社群平台的使用者年齡是比較偏向全客群? (ch3-p57)A. LINE B. Instagram C. Facebook D. Mobile01
(C) 7. 下列何者不是經營企業粉絲團的十大訣竅之一? (ch4-p105)A.命名正確 B.角色投入 C.多用第二人稱 D.發文時間
(D) 8. 下列何者不是臉書廣告投放失敗的原因之一? (ch4-p123~124)A.目標對象(TA)設定不夠精準 B.你的 FB 廣告價格太高 C.產品競爭力本質不夠 D.會分析 FB 提供的數據結果
(A) 9. 下列何者不是 IG 的社群特性? (ch5-p162)A.低封閉性 B.高封閉性 C.新型態互動版位的普及 D.限時動態增加雙向互動親密度
(B) 10. 下列哪一個不是打造 IG 廣告的密技? (ch5-p166~167)A.廣告內容 B.廣告後台 C.廣告製作 D.廣告格式
二、簡答題 (50%)
1. 何謂 Click Through Rate (CTR)? (10 分) (ch1-p23)
2. 網路流量有哪四種來源? (20 分) (ch2-p45)
3. 經營社群粉絲團的四層引導流程為何? (20 分) (ch3-p73~74)"
`;
